------------------------------------------------------------
Timing Analyzer Summary
------------------------------------------------------------

Type  : Slow 1100mV 85C Model Setup 'u_vpg|u_pll|pll_inst|altera_pll_i|cyclonev_pll|counter[0].output_counter|divclk'
Slack : -9.383
TNS   : -127.432

Type  : Slow 1100mV 85C Model Setup 'clock_50_3'
Slack : 0.868
TNS   : 0.000

Type  : Slow 1100mV 85C Model Setup 'altera_reserved_tck'
Slack : 7.503
TNS   : 0.000

Type  : Slow 1100mV 85C Model Setup 'u0|pll_sys|altera_pll_i|general[0].gpll~PLL_OUTPUT_COUNTER|divclk'
Slack : 8.885
TNS   : 0.000

Type  : Slow 1100mV 85C Model Setup 'u_sys_pll|sys_pll_inst|altera_pll_i|general[0].gpll~PLL_OUTPUT_COUNTER|divclk'
Slack : 825.813
TNS   : 0.000

Type  : Slow 1100mV 85C Model Hold 'altera_reserved_tck'
Slack : 0.255
TNS   : 0.000

Type  : Slow 1100mV 85C Model Hold 'u0|pll_sys|altera_pll_i|general[0].gpll~PLL_OUTPUT_COUNTER|divclk'
Slack : 0.317
TNS   : 0.000

Type  : Slow 1100mV 85C Model Hold 'clock_50_3'
Slack : 0.336
TNS   : 0.000

Type  : Slow 1100mV 85C Model Hold 'u_sys_pll|sys_pll_inst|altera_pll_i|general[0].gpll~PLL_OUTPUT_COUNTER|divclk'
Slack : 0.353
TNS   : 0.000

Type  : Slow 1100mV 85C Model Hold 'u_vpg|u_pll|pll_inst|altera_pll_i|cyclonev_pll|counter[0].output_counter|divclk'
Slack : 0.429
TNS   : 0.000

Type  : Slow 1100mV 85C Model Recovery 'u0|pll_sys|altera_pll_i|general[0].gpll~PLL_OUTPUT_COUNTER|divclk'
Slack : 12.824
TNS   : 0.000

Type  : Slow 1100mV 85C Model Recovery 'altera_reserved_tck'
Slack : 13.388
TNS   : 0.000

Type  : Slow 1100mV 85C Model Recovery 'clock_50_3'
Slack : 16.100
TNS   : 0.000

Type  : Slow 1100mV 85C Model Removal 'altera_reserved_tck'
Slack : 0.821
TNS   : 0.000

Type  : Slow 1100mV 85C Model Removal 'u0|pll_sys|altera_pll_i|general[0].gpll~PLL_OUTPUT_COUNTER|divclk'
Slack : 1.114
TNS   : 0.000

Type  : Slow 1100mV 85C Model Removal 'clock_50_3'
Slack : 1.173
TNS   : 0.000

Type  : Slow 1100mV 85C Model Minimum Pulse Width 'u_vpg|u_pll|pll_inst|altera_pll_i|cyclonev_pll|fpll_0|fpll|vcoph[0]'
Slack : 0.617
TNS   : 0.000

Type  : Slow 1100mV 85C Model Minimum Pulse Width 'u_vpg|u_pll|pll_inst|altera_pll_i|cyclonev_pll|counter[0].output_counter|divclk'
Slack : 1.656
TNS   : 0.000

Type  : Slow 1100mV 85C Model Minimum Pulse Width 'u0|pll_sys|altera_pll_i|general[0].gpll~FRACTIONAL_PLL|vcoph[0]'
Slack : 1.666
TNS   : 0.000

Type  : Slow 1100mV 85C Model Minimum Pulse Width 'u_sys_pll|sys_pll_inst|altera_pll_i|general[0].gpll~FRACTIONAL_PLL|vcoph[0]'
Slack : 1.666
TNS   : 0.000

Type  : Slow 1100mV 85C Model Minimum Pulse Width 'u0|pll_sys|altera_pll_i|general[0].gpll~PLL_OUTPUT_COUNTER|divclk'
Slack : 8.556
TNS   : 0.000

Type  : Slow 1100mV 85C Model Minimum Pulse Width 'clock_50_3'
Slack : 8.654
TNS   : 0.000

Type  : Slow 1100mV 85C Model Minimum Pulse Width 'altera_reserved_tck'
Slack : 15.368
TNS   : 0.000

Type  : Slow 1100mV 85C Model Minimum Pulse Width 'u_sys_pll|sys_pll_inst|altera_pll_i|general[0].gpll~PLL_OUTPUT_COUNTER|divclk'
Slack : 415.899
TNS   : 0.000

Type  : Slow 1100mV 0C Model Setup 'u_vpg|u_pll|pll_inst|altera_pll_i|cyclonev_pll|counter[0].output_counter|divclk'
Slack : -10.544
TNS   : -140.331

Type  : Slow 1100mV 0C Model Setup 'clock_50_3'
Slack : 1.144
TNS   : 0.000

Type  : Slow 1100mV 0C Model Setup 'altera_reserved_tck'
Slack : 7.648
TNS   : 0.000

Type  : Slow 1100mV 0C Model Setup 'u0|pll_sys|altera_pll_i|general[0].gpll~PLL_OUTPUT_COUNTER|divclk'
Slack : 9.175
TNS   : 0.000

Type  : Slow 1100mV 0C Model Setup 'u_sys_pll|sys_pll_inst|altera_pll_i|general[0].gpll~PLL_OUTPUT_COUNTER|divclk'
Slack : 826.043
TNS   : 0.000

Type  : Slow 1100mV 0C Model Hold 'altera_reserved_tck'
Slack : 0.237
TNS   : 0.000

Type  : Slow 1100mV 0C Model Hold 'u0|pll_sys|altera_pll_i|general[0].gpll~PLL_OUTPUT_COUNTER|divclk'
Slack : 0.300
TNS   : 0.000

Type  : Slow 1100mV 0C Model Hold 'clock_50_3'
Slack : 0.314
TNS   : 0.000

Type  : Slow 1100mV 0C Model Hold 'u_sys_pll|sys_pll_inst|altera_pll_i|general[0].gpll~PLL_OUTPUT_COUNTER|divclk'
Slack : 0.338
TNS   : 0.000

Type  : Slow 1100mV 0C Model Hold 'u_vpg|u_pll|pll_inst|altera_pll_i|cyclonev_pll|counter[0].output_counter|divclk'
Slack : 0.374
TNS   : 0.000

Type  : Slow 1100mV 0C Model Recovery 'u0|pll_sys|altera_pll_i|general[0].gpll~PLL_OUTPUT_COUNTER|divclk'
Slack : 13.057
TNS   : 0.000

Type  : Slow 1100mV 0C Model Recovery 'altera_reserved_tck'
Slack : 13.544
TNS   : 0.000

Type  : Slow 1100mV 0C Model Recovery 'clock_50_3'
Slack : 16.247
TNS   : 0.000

Type  : Slow 1100mV 0C Model Removal 'altera_reserved_tck'
Slack : 0.781
TNS   : 0.000

Type  : Slow 1100mV 0C Model Removal 'u0|pll_sys|altera_pll_i|general[0].gpll~PLL_OUTPUT_COUNTER|divclk'
Slack : 1.071
TNS   : 0.000

Type  : Slow 1100mV 0C Model Removal 'clock_50_3'
Slack : 1.089
TNS   : 0.000

Type  : Slow 1100mV 0C Model Minimum Pulse Width 'u_vpg|u_pll|pll_inst|altera_pll_i|cyclonev_pll|fpll_0|fpll|vcoph[0]'
Slack : 0.617
TNS   : 0.000

Type  : Slow 1100mV 0C Model Minimum Pulse Width 'u_vpg|u_pll|pll_inst|altera_pll_i|cyclonev_pll|counter[0].output_counter|divclk'
Slack : 1.626
TNS   : 0.000

Type  : Slow 1100mV 0C Model Minimum Pulse Width 'u0|pll_sys|altera_pll_i|general[0].gpll~FRACTIONAL_PLL|vcoph[0]'
Slack : 1.666
TNS   : 0.000

Type  : Slow 1100mV 0C Model Minimum Pulse Width 'u_sys_pll|sys_pll_inst|altera_pll_i|general[0].gpll~FRACTIONAL_PLL|vcoph[0]'
Slack : 1.666
TNS   : 0.000

Type  : Slow 1100mV 0C Model Minimum Pulse Width 'u0|pll_sys|altera_pll_i|general[0].gpll~PLL_OUTPUT_COUNTER|divclk'
Slack : 8.512
TNS   : 0.000

Type  : Slow 1100mV 0C Model Minimum Pulse Width 'clock_50_3'
Slack : 8.579
TNS   : 0.000

Type  : Slow 1100mV 0C Model Minimum Pulse Width 'altera_reserved_tck'
Slack : 15.390
TNS   : 0.000

Type  : Slow 1100mV 0C Model Minimum Pulse Width 'u_sys_pll|sys_pll_inst|altera_pll_i|general[0].gpll~PLL_OUTPUT_COUNTER|divclk'
Slack : 415.818
TNS   : 0.000

Type  : Fast 1100mV 85C Model Setup 'u_vpg|u_pll|pll_inst|altera_pll_i|cyclonev_pll|counter[0].output_counter|divclk'
Slack : -0.534
TNS   : -2.951

Type  : Fast 1100mV 85C Model Setup 'clock_50_3'
Slack : 3.326
TNS   : 0.000

Type  : Fast 1100mV 85C Model Setup 'altera_reserved_tck'
Slack : 11.758
TNS   : 0.000

Type  : Fast 1100mV 85C Model Setup 'u0|pll_sys|altera_pll_i|general[0].gpll~PLL_OUTPUT_COUNTER|divclk'
Slack : 13.386
TNS   : 0.000

Type  : Fast 1100mV 85C Model Setup 'u_sys_pll|sys_pll_inst|altera_pll_i|general[0].gpll~PLL_OUTPUT_COUNTER|divclk'
Slack : 828.817
TNS   : 0.000

Type  : Fast 1100mV 85C Model Hold 'altera_reserved_tck'
Slack : 0.139
TNS   : 0.000

Type  : Fast 1100mV 85C Model Hold 'u0|pll_sys|altera_pll_i|general[0].gpll~PLL_OUTPUT_COUNTER|divclk'
Slack : 0.165
TNS   : 0.000

Type  : Fast 1100mV 85C Model Hold 'clock_50_3'
Slack : 0.177
TNS   : 0.000

Type  : Fast 1100mV 85C Model Hold 'u_sys_pll|sys_pll_inst|altera_pll_i|general[0].gpll~PLL_OUTPUT_COUNTER|divclk'
Slack : 0.180
TNS   : 0.000

Type  : Fast 1100mV 85C Model Hold 'u_vpg|u_pll|pll_inst|altera_pll_i|cyclonev_pll|counter[0].output_counter|divclk'
Slack : 0.180
TNS   : 0.000

Type  : Fast 1100mV 85C Model Recovery 'altera_reserved_tck'
Slack : 15.232
TNS   : 0.000

Type  : Fast 1100mV 85C Model Recovery 'u0|pll_sys|altera_pll_i|general[0].gpll~PLL_OUTPUT_COUNTER|divclk'
Slack : 15.666
TNS   : 0.000

Type  : Fast 1100mV 85C Model Recovery 'clock_50_3'
Slack : 17.710
TNS   : 0.000

Type  : Fast 1100mV 85C Model Removal 'altera_reserved_tck'
Slack : 0.380
TNS   : 0.000

Type  : Fast 1100mV 85C Model Removal 'u0|pll_sys|altera_pll_i|general[0].gpll~PLL_OUTPUT_COUNTER|divclk'
Slack : 0.536
TNS   : 0.000

Type  : Fast 1100mV 85C Model Removal 'clock_50_3'
Slack : 0.556
TNS   : 0.000

Type  : Fast 1100mV 85C Model Minimum Pulse Width 'u_vpg|u_pll|pll_inst|altera_pll_i|cyclonev_pll|fpll_0|fpll|vcoph[0]'
Slack : 0.617
TNS   : 0.000

Type  : Fast 1100mV 85C Model Minimum Pulse Width 'u0|pll_sys|altera_pll_i|general[0].gpll~FRACTIONAL_PLL|vcoph[0]'
Slack : 1.666
TNS   : 0.000

Type  : Fast 1100mV 85C Model Minimum Pulse Width 'u_sys_pll|sys_pll_inst|altera_pll_i|general[0].gpll~FRACTIONAL_PLL|vcoph[0]'
Slack : 1.666
TNS   : 0.000

Type  : Fast 1100mV 85C Model Minimum Pulse Width 'u_vpg|u_pll|pll_inst|altera_pll_i|cyclonev_pll|counter[0].output_counter|divclk'
Slack : 1.952
TNS   : 0.000

Type  : Fast 1100mV 85C Model Minimum Pulse Width 'clock_50_3'
Slack : 8.850
TNS   : 0.000

Type  : Fast 1100mV 85C Model Minimum Pulse Width 'u0|pll_sys|altera_pll_i|general[0].gpll~PLL_OUTPUT_COUNTER|divclk'
Slack : 8.875
TNS   : 0.000

Type  : Fast 1100mV 85C Model Minimum Pulse Width 'altera_reserved_tck'
Slack : 14.980
TNS   : 0.000

Type  : Fast 1100mV 85C Model Minimum Pulse Width 'u_sys_pll|sys_pll_inst|altera_pll_i|general[0].gpll~PLL_OUTPUT_COUNTER|divclk'
Slack : 416.209
TNS   : 0.000

Type  : Fast 1100mV 0C Model Setup 'u_vpg|u_pll|pll_inst|altera_pll_i|cyclonev_pll|counter[0].output_counter|divclk'
Slack : -0.192
TNS   : -0.749

Type  : Fast 1100mV 0C Model Setup 'clock_50_3'
Slack : 3.814
TNS   : 0.000

Type  : Fast 1100mV 0C Model Setup 'altera_reserved_tck'
Slack : 12.459
TNS   : 0.000

Type  : Fast 1100mV 0C Model Setup 'u0|pll_sys|altera_pll_i|general[0].gpll~PLL_OUTPUT_COUNTER|divclk'
Slack : 14.270
TNS   : 0.000

Type  : Fast 1100mV 0C Model Setup 'u_sys_pll|sys_pll_inst|altera_pll_i|general[0].gpll~PLL_OUTPUT_COUNTER|divclk'
Slack : 829.351
TNS   : 0.000

Type  : Fast 1100mV 0C Model Hold 'clock_50_3'
Slack : 0.071
TNS   : 0.000

Type  : Fast 1100mV 0C Model Hold 'u0|pll_sys|altera_pll_i|general[0].gpll~PLL_OUTPUT_COUNTER|divclk'
Slack : 0.124
TNS   : 0.000

Type  : Fast 1100mV 0C Model Hold 'altera_reserved_tck'
Slack : 0.126
TNS   : 0.000

Type  : Fast 1100mV 0C Model Hold 'u_vpg|u_pll|pll_inst|altera_pll_i|cyclonev_pll|counter[0].output_counter|divclk'
Slack : 0.164
TNS   : 0.000

Type  : Fast 1100mV 0C Model Hold 'u_sys_pll|sys_pll_inst|altera_pll_i|general[0].gpll~PLL_OUTPUT_COUNTER|divclk'
Slack : 0.167
TNS   : 0.000

Type  : Fast 1100mV 0C Model Recovery 'altera_reserved_tck'
Slack : 15.560
TNS   : 0.000

Type  : Fast 1100mV 0C Model Recovery 'u0|pll_sys|altera_pll_i|general[0].gpll~PLL_OUTPUT_COUNTER|divclk'
Slack : 16.191
TNS   : 0.000

Type  : Fast 1100mV 0C Model Recovery 'clock_50_3'
Slack : 17.979
TNS   : 0.000

Type  : Fast 1100mV 0C Model Removal 'altera_reserved_tck'
Slack : 0.350
TNS   : 0.000

Type  : Fast 1100mV 0C Model Removal 'u0|pll_sys|altera_pll_i|general[0].gpll~PLL_OUTPUT_COUNTER|divclk'
Slack : 0.482
TNS   : 0.000

Type  : Fast 1100mV 0C Model Removal 'clock_50_3'
Slack : 0.510
TNS   : 0.000

Type  : Fast 1100mV 0C Model Minimum Pulse Width 'u_vpg|u_pll|pll_inst|altera_pll_i|cyclonev_pll|fpll_0|fpll|vcoph[0]'
Slack : 0.617
TNS   : 0.000

Type  : Fast 1100mV 0C Model Minimum Pulse Width 'u0|pll_sys|altera_pll_i|general[0].gpll~FRACTIONAL_PLL|vcoph[0]'
Slack : 1.666
TNS   : 0.000

Type  : Fast 1100mV 0C Model Minimum Pulse Width 'u_sys_pll|sys_pll_inst|altera_pll_i|general[0].gpll~FRACTIONAL_PLL|vcoph[0]'
Slack : 1.666
TNS   : 0.000

Type  : Fast 1100mV 0C Model Minimum Pulse Width 'u_vpg|u_pll|pll_inst|altera_pll_i|cyclonev_pll|counter[0].output_counter|divclk'
Slack : 1.956
TNS   : 0.000

Type  : Fast 1100mV 0C Model Minimum Pulse Width 'clock_50_3'
Slack : 8.838
TNS   : 0.000

Type  : Fast 1100mV 0C Model Minimum Pulse Width 'u0|pll_sys|altera_pll_i|general[0].gpll~PLL_OUTPUT_COUNTER|divclk'
Slack : 8.879
TNS   : 0.000

Type  : Fast 1100mV 0C Model Minimum Pulse Width 'altera_reserved_tck'
Slack : 14.947
TNS   : 0.000

Type  : Fast 1100mV 0C Model Minimum Pulse Width 'u_sys_pll|sys_pll_inst|altera_pll_i|general[0].gpll~PLL_OUTPUT_COUNTER|divclk'
Slack : 416.206
TNS   : 0.000

------------------------------------------------------------
